\BOOKMARK [1][-]{section.1}{\376\377\000I\000n\000t\000r\000o\000d\000u\000c\000t\000i\000o\000n}{}% 1
\BOOKMARK [2][-]{subsection.1.1}{\376\377\000C\000o\000n\000t\000r\000i\000b\000u\000t\000i\000o\000n\000s}{section.1}% 2
\BOOKMARK [2][-]{subsection.1.2}{\376\377\000M\000a\000i\000n\000\040\000F\000i\000n\000d\000i\000n\000g\000s}{section.1}% 3
\BOOKMARK [1][-]{section.2}{\376\377\000D\000a\000t\000a}{}% 4
\BOOKMARK [2][-]{subsection.2.1}{\376\377\000C\000R\000S\000P\000\040\000M\000o\000n\000t\000h\000l\000y\000\040\000R\000e\000t\000u\000r\000n\000s}{section.2}% 5
\BOOKMARK [2][-]{subsection.2.2}{\376\377\000J\000K\000P\000\040\000Q\000u\000a\000n\000t\000i\000t\000a\000t\000i\000v\000e\000\040\000F\000a\000c\000t\000o\000r\000s}{section.2}% 6
\BOOKMARK [2][-]{subsection.2.3}{\376\377\000E\000a\000r\000n\000i\000n\000g\000s\000\040\000C\000a\000l\000l\000s\000\040\000a\000n\000d\000\040\000F\000i\000n\000B\000E\000R\000T\000\040\000I\000n\000f\000e\000r\000e\000n\000c\000e}{section.2}% 7
\BOOKMARK [2][-]{subsection.2.4}{\376\377\000F\000r\000e\000s\000h\000n\000e\000s\000s\000\040\000F\000i\000l\000t\000e\000r\000:\000\040\000A\000\040\000C\000r\000i\000t\000i\000c\000a\000l\000\040\000P\000r\000e\000-\000p\000r\000o\000c\000e\000s\000s\000i\000n\000g\000\040\000S\000t\000e\000p}{section.2}% 8
\BOOKMARK [1][-]{section.3}{\376\377\000M\000e\000t\000h\000o\000d\000o\000l\000o\000g\000y}{}% 9
\BOOKMARK [2][-]{subsection.3.1}{\376\377\000P\000i\000p\000e\000l\000i\000n\000e\000\040\000O\000v\000e\000r\000v\000i\000e\000w}{section.3}% 10
\BOOKMARK [2][-]{subsection.3.2}{\376\377\000F\000e\000a\000t\000u\000r\000e\000\040\000E\000n\000g\000i\000n\000e\000e\000r\000i\000n\000g}{section.3}% 11
\BOOKMARK [2][-]{subsection.3.3}{\376\377\000T\000e\000m\000p\000o\000r\000a\000l\000\040\000T\000r\000a\000i\000n\000\040\000/\000\040\000V\000a\000l\000i\000d\000a\000t\000i\000o\000n\000\040\000/\000\040\000T\000e\000s\000t\000\040\000S\000p\000l\000i\000t}{section.3}% 12
\BOOKMARK [2][-]{subsection.3.4}{\376\377\000M\000o\000d\000e\000l\000s\000:\000\040\000X\000G\000B\000o\000o\000s\000t\000\040\000A\000b\000l\000a\000t\000i\000o\000n\000\040\000S\000t\000u\000d\000y}{section.3}% 13
\BOOKMARK [2][-]{subsection.3.5}{\376\377\000E\000v\000a\000l\000u\000a\000t\000i\000o\000n\000\040\000M\000e\000t\000r\000i\000c\000s}{section.3}% 14
\BOOKMARK [2][-]{subsection.3.6}{\376\377\000I\000n\000v\000e\000s\000t\000m\000e\000n\000t\000\040\000S\000t\000r\000a\000t\000e\000g\000i\000e\000s\000\040\000a\000n\000d\000\040\000T\000r\000a\000n\000s\000a\000c\000t\000i\000o\000n\000\040\000C\000o\000s\000t\000s}{section.3}% 15
\BOOKMARK [1][-]{section.4}{\376\377\000R\000e\000s\000u\000l\000t\000s}{}% 16
\BOOKMARK [2][-]{subsection.4.1}{\376\377\000A\000b\000l\000a\000t\000i\000o\000n\000\040\000S\000t\000u\000d\000y}{section.4}% 17
\BOOKMARK [2][-]{subsection.4.2}{\376\377\000B\000a\000c\000k\000t\000e\000s\000t\000\040\000P\000e\000r\000f\000o\000r\000m\000a\000n\000c\000e}{section.4}% 18
\BOOKMARK [2][-]{subsection.4.3}{\376\377\000P\000e\000r\000i\000o\000d\000\040\000R\000o\000b\000u\000s\000t\000n\000e\000s\000s}{section.4}% 19
\BOOKMARK [2][-]{subsection.4.4}{\376\377\000R\000o\000l\000l\000i\000n\000g\000-\000W\000i\000n\000d\000o\000w\000\040\000R\000a\000n\000k\000\040\000I\000C\000\040\000A\000n\000a\000l\000y\000s\000i\000s\000\040\000\050\0002\0000\0001\0005\040\023\0002\0000\0002\0003\000\051}{section.4}% 20
\BOOKMARK [1][-]{section.5}{\376\377\000D\000i\000s\000c\000u\000s\000s\000i\000o\000n}{}% 21
\BOOKMARK [2][-]{subsection.5.1}{\376\377\000C\000r\000o\000s\000s\000-\000S\000e\000c\000t\000i\000o\000n\000a\000l\000\040\000v\000s\000.\000\040\000T\000i\000m\000e\000-\000S\000e\000r\000i\000e\000s\000\040\000S\000i\000g\000n\000a\000l\000s}{section.5}% 22
\BOOKMARK [2][-]{subsection.5.2}{\376\377\000T\000h\000e\000\040\000C\000o\000m\000b\000i\000n\000a\000t\000i\000o\000n\000\040\000P\000a\000r\000a\000d\000o\000x}{section.5}% 23
\BOOKMARK [2][-]{subsection.5.3}{\376\377\000L\000i\000m\000i\000t\000a\000t\000i\000o\000n\000s}{section.5}% 24
\BOOKMARK [1][-]{section.6}{\376\377\000C\000o\000n\000c\000l\000u\000s\000i\000o\000n}{}% 25
